Line 8: when using ↔Intro to infer P↔Q, you must first cite the subproof that proves P→Q, and then the subproof that proves Q→P.

Line 9: when using ↔Intro to infer P↔Q, you must first cite the subproof that proves P→Q, and then the subproof that proves Q→P.

Line 10: ↔Intro is used, but the top-level connective of this sentence is not a bi-implication.
